// Vitest Snapshot v1

exports[`HelloWorldI18n > should render 1`] = `"<h1>HelloWorld</h1>"`;
