// Vitest Snapshot v1

exports[`HelloWorld w/ fake timers > should render 1`] = `"<h1>HelloWorld</h1>"`;
