// Vitest Snapshot v1

exports[`HelloWorld > should render 1`] = `"<h1>HelloWorld</h1>"`;
